// Jest Snapshot v1, https://goo.gl/fbAQLP

exports[`ListItem Snapshot > 1`] = `
.c4 {
  font-size: 14px;
  line-height: 18px;
  margin: 0px 0px 0px 0px;
  font-style: normal;
  font-weight: normal;
  color: inherit;
  -webkit-transition-property: color;
  transition-property: color;
  -webkit-transition-duration: 150ms;
  transition-duration: 150ms;
  -webkit-transition-timing-function: cubic-bezier(.3,0,0,1);
  transition-timing-function: cubic-bezier(.3,0,0,1);
  -webkit-transition-delay: 0ms;
  transition-delay: 0ms;
}

.c2 {
  display: -webkit-box;
  display: -webkit-flex;
  display: -ms-flexbox;
  display: flex;
  grid-row: 1;
  grid-column: 2;
  -webkit-align-items: center;
  -webkit-box-align: center;
  -ms-flex-align: center;
  align-items: center;
}

.c2 span {
  -webkit-transition-property: color;
  transition-property: color;
  -webkit-transition-duration: 150ms;
  transition-duration: 150ms;
  -webkit-transition-timing-function: cubic-bezier(.3,0,0,1);
  transition-timing-function: cubic-bezier(.3,0,0,1);
  -webkit-transition-delay: 0ms;
  transition-delay: 0ms;
}

.c3 {
  overflow: hidden;
  text-overflow: ellipsis;
  white-space: nowrap;
}

.c1 {
  display: grid;
  grid-template-columns: fit-content(100%) minmax(0,1fr);
  width: 100%;
}

.c0 {
  display: -webkit-box;
  display: -webkit-flex;
  display: -ms-flexbox;
  display: flex;
  -webkit-align-items: center;
  -webkit-box-align: center;
  -ms-flex-align: center;
  align-items: center;
  padding: 6px;
  overflow: hidden;
  border-radius: 6px;
  color: #000000D9;
  -webkit-text-decoration: none;
  text-decoration: none;
  cursor: pointer;
  opacity: 1;
  -webkit-transition-property: background-color;
  transition-property: background-color;
  -webkit-transition-duration: 150ms;
  transition-duration: 150ms;
  -webkit-transition-timing-function: cubic-bezier(.3,0,0,1);
  transition-timing-function: cubic-bezier(.3,0,0,1);
  -webkit-transition-delay: 0ms;
  transition-delay: 0ms;
}

.c0:hover {
  background-color: #0000000D;
}

.c0:hover .sc-iCoGMd {
  color: #00000066;
}

<div
  class="c0"
  data-active="false"
  data-option-key="menu-item"
  data-testid="bezier-react-list-menu-item"
>
  <div
    class="c1"
  >
    <div
      class="c2"
    >
      <div
        class="c3"
      >
        <span
          class="c4"
          data-testid="bezier-react-text"
        >
          this is content
        </span>
      </div>
    </div>
  </div>
</div>
`;
