// Jest Snapshot v1, https://goo.gl/fbAQLP

exports[`Badge test > Snapshot > 1`] = `
<div
  class="Badge variant-Default TagBadge size-m"
  data-testid="bezier-badge"
/>
`;
