// Jest Snapshot v1, https://goo.gl/fbAQLP

exports[`SegmentedControl Snapshot 1`] = `
.c4 {
  margin-top: var(--bezier-text-margin-top);
  margin-right: var(--bezier-text-margin-right);
  margin-bottom: var(--bezier-text-margin-bottom);
  margin-left: var(--bezier-text-margin-left);
  font-size: var(--bezier-text-font-size);
  font-style: var(--bezier-text-font-style);
  font-weight: var(--bezier-text-font-weight);
  line-height: var(--bezier-text-line-height);
  color: var(--bezier-text-font-color);
  -webkit-letter-spacing: var(--bezier-text-letter-spacing);
  -moz-letter-spacing: var(--bezier-text-letter-spacing);
  -ms-letter-spacing: var(--bezier-text-letter-spacing);
  letter-spacing: var(--bezier-text-letter-spacing);
  -webkit-transition-delay: 0ms;
  transition-delay: 0ms;
  -webkit-transition-timing-function: cubic-bezier(.3,0,0,1);
  transition-timing-function: cubic-bezier(.3,0,0,1);
  -webkit-transition-duration: 150ms;
  transition-duration: 150ms;
  -webkit-transition-property: color;
  transition-property: color;
}

.c7 {
  overflow: hidden;
  border-radius: 1px;
  background-color: #00000014;
  width: 1px;
  height: calc(100% - 12px);
  margin: 6px;
}

.c0 {
  position: relative;
  box-sizing: border-box;
  display: -webkit-inline-box;
  display: -webkit-inline-flex;
  display: -ms-inline-flexbox;
  display: inline-flex;
  -webkit-flex-direction: row;
  -ms-flex-direction: row;
  flex-direction: row;
  -webkit-align-items: center;
  -webkit-box-align: center;
  -ms-flex-align: center;
  align-items: center;
  width: 144px;
  min-width: 50px;
  overflow: hidden;
  background-color: #0000000D;
  -webkit-transition-delay: 0ms;
  transition-delay: 0ms;
  -webkit-transition-timing-function: cubic-bezier(.3,0,0,1);
  transition-timing-function: cubic-bezier(.3,0,0,1);
  -webkit-transition-duration: 150ms;
  transition-duration: 150ms;
  -webkit-transition-property: background-color;
  transition-property: background-color;
  height: 36px;
  overflow: hidden;
  border-radius: 8px;
  padding: 2px 0;
}

.c3 {
  position: absolute;
  display: -webkit-box;
  display: -webkit-flex;
  display: -ms-flexbox;
  display: flex;
  -webkit-flex-direction: row;
  -ms-flex-direction: row;
  flex-direction: row;
  -webkit-align-items: center;
  -webkit-box-align: center;
  -ms-flex-align: center;
  align-items: center;
  -webkit-box-pack: center;
  -webkit-justify-content: center;
  -ms-flex-pack: center;
  justify-content: center;
  overflow: hidden;
  color: #00000066;
  cursor: pointer;
  -webkit-transition-delay: 0ms;
  transition-delay: 0ms;
  -webkit-transition-timing-function: cubic-bezier(.3,0,0,1);
  transition-timing-function: cubic-bezier(.3,0,0,1);
  -webkit-transition-duration: 150ms;
  transition-duration: 150ms;
  -webkit-transition-property: background-color,color;
  transition-property: background-color,color;
  -webkit-user-select: none;
  -moz-user-select: none;
  -ms-user-select: none;
  user-select: none;
  height: 36px;
  overflow: hidden;
  border-radius: 6px;
}

.c3:hover {
  background-color: #0000000D;
}

.c5 {
  position: absolute;
  display: -webkit-box;
  display: -webkit-flex;
  display: -ms-flexbox;
  display: flex;
  -webkit-flex-direction: row;
  -ms-flex-direction: row;
  flex-direction: row;
  -webkit-align-items: center;
  -webkit-box-align: center;
  -ms-flex-align: center;
  align-items: center;
  -webkit-box-pack: center;
  -webkit-justify-content: center;
  -ms-flex-pack: center;
  justify-content: center;
  overflow: hidden;
  color: #000000D9;
  cursor: auto;
  -webkit-transition-delay: 0ms;
  transition-delay: 0ms;
  -webkit-transition-timing-function: cubic-bezier(.3,0,0,1);
  transition-timing-function: cubic-bezier(.3,0,0,1);
  -webkit-transition-duration: 150ms;
  transition-duration: 150ms;
  -webkit-transition-property: background-color,color;
  transition-property: background-color,color;
  -webkit-user-select: none;
  -moz-user-select: none;
  -ms-user-select: none;
  user-select: none;
  height: 36px;
  overflow: hidden;
  border-radius: 6px;
}

.c1 {
  position: absolute;
  display: -webkit-box;
  display: -webkit-flex;
  display: -ms-flexbox;
  display: flex;
  -webkit-flex-direction: row;
  -ms-flex-direction: row;
  flex-direction: row;
  -webkit-align-items: center;
  -webkit-box-align: center;
  -ms-flex-align: center;
  align-items: center;
  -webkit-box-pack: center;
  -webkit-justify-content: center;
  -ms-flex-pack: center;
  justify-content: center;
  cursor: default;
  -webkit-transition-delay: 0ms;
  transition-delay: 0ms;
  -webkit-transition-timing-function: cubic-bezier(.3,0,0,1);
  transition-timing-function: cubic-bezier(.3,0,0,1);
  -webkit-transition-duration: 300ms;
  transition-duration: 300ms;
  -webkit-transition-property: -webkit-transform;
  -webkit-transition-property: transform;
  transition-property: transform;
  will-change: transform;
  height: 32px;
  overflow: hidden;
  border-radius: 6px;
}

.c2 {
  background-color: #FFFFFF;
  box-shadow: inset 0 0 2px 0 #FFFFFF1F, 0 0 2px 1px #0000000D, 0 1px 2px #00000014;
  width: 100%;
  height: 100%;
  background-color: #FFFFFF;
}

.c6 {
  position: absolute;
  top: 2px;
  bottom: 2px;
  visibility: hidden;
}

.c8 {
  position: absolute;
  top: 2px;
  bottom: 2px;
}

<div
  class="c0"
  data-testid="bezier-react-segmented-control"
>
  <div
    class="c1"
    style="width: -1.75px; transform: translateX(1.25px);"
  >
    <div
      class="c2"
    />
  </div>
  <div
    class="c3"
    data-testid="bezier-react-segmented-control-option-item-0"
    style="width: -1.75px; left: 2px;"
  >
    <span
      class="c4"
      style="--bezier-text-font-size: 1.4rem; --bezier-text-line-height: 1.8rem; --bezier-text-letter-spacing: normal; --bezier-text-font-style: normal; --bezier-text-font-weight: bold; --bezier-text-font-color: inherit; --bezier-text-margin-top: 0px; --bezier-text-margin-right: 0px; --bezier-text-margin-bottom: 0px; --bezier-text-margin-left: 0px;"
    >
      <span
        class="c4"
        style="--bezier-text-font-size: 1.5rem; --bezier-text-line-height: 2rem; --bezier-text-letter-spacing: -0.1px; --bezier-text-font-style: normal; --bezier-text-font-weight: normal; --bezier-text-font-color: inherit; --bezier-text-margin-top: 0px; --bezier-text-margin-right: 0px; --bezier-text-margin-bottom: 0px; --bezier-text-margin-left: 0px;"
      >
        0
      </span>
    </span>
  </div>
  <div
    class="c5"
    data-testid="bezier-react-segmented-control-option-item-1"
    style="width: -1.75px; left: 1.25px;"
  >
    <span
      class="c4"
      style="--bezier-text-font-size: 1.4rem; --bezier-text-line-height: 1.8rem; --bezier-text-letter-spacing: normal; --bezier-text-font-style: normal; --bezier-text-font-weight: bold; --bezier-text-font-color: inherit; --bezier-text-margin-top: 0px; --bezier-text-margin-right: 0px; --bezier-text-margin-bottom: 0px; --bezier-text-margin-left: 0px;"
    >
      <span
        class="c4"
        style="--bezier-text-font-size: 1.5rem; --bezier-text-line-height: 2rem; --bezier-text-letter-spacing: -0.1px; --bezier-text-font-style: normal; --bezier-text-font-weight: normal; --bezier-text-font-color: inherit; --bezier-text-margin-top: 0px; --bezier-text-margin-right: 0px; --bezier-text-margin-bottom: 0px; --bezier-text-margin-left: 0px;"
      >
        1
      </span>
    </span>
  </div>
  <div
    class="c3"
    data-testid="bezier-react-segmented-control-option-item-2"
    style="width: -1.75px; left: 0.5px;"
  >
    <span
      class="c4"
      style="--bezier-text-font-size: 1.4rem; --bezier-text-line-height: 1.8rem; --bezier-text-letter-spacing: normal; --bezier-text-font-style: normal; --bezier-text-font-weight: bold; --bezier-text-font-color: inherit; --bezier-text-margin-top: 0px; --bezier-text-margin-right: 0px; --bezier-text-margin-bottom: 0px; --bezier-text-margin-left: 0px;"
    >
      <span
        class="c4"
        style="--bezier-text-font-size: 1.5rem; --bezier-text-line-height: 2rem; --bezier-text-letter-spacing: -0.1px; --bezier-text-font-style: normal; --bezier-text-font-weight: normal; --bezier-text-font-color: inherit; --bezier-text-margin-top: 0px; --bezier-text-margin-right: 0px; --bezier-text-margin-bottom: 0px; --bezier-text-margin-left: 0px;"
      >
        2
      </span>
    </span>
  </div>
  <div
    class="c3"
    data-testid="bezier-react-segmented-control-option-item-3"
    style="width: -1.75px; left: -0.25px;"
  >
    <span
      class="c4"
      style="--bezier-text-font-size: 1.4rem; --bezier-text-line-height: 1.8rem; --bezier-text-letter-spacing: normal; --bezier-text-font-style: normal; --bezier-text-font-weight: bold; --bezier-text-font-color: inherit; --bezier-text-margin-top: 0px; --bezier-text-margin-right: 0px; --bezier-text-margin-bottom: 0px; --bezier-text-margin-left: 0px;"
    >
      <span
        class="c4"
        style="--bezier-text-font-size: 1.5rem; --bezier-text-line-height: 2rem; --bezier-text-letter-spacing: -0.1px; --bezier-text-font-style: normal; --bezier-text-font-weight: normal; --bezier-text-font-color: inherit; --bezier-text-margin-top: 0px; --bezier-text-margin-right: 0px; --bezier-text-margin-bottom: 0px; --bezier-text-margin-left: 0px;"
      >
        3
      </span>
    </span>
  </div>
  <div
    class="c6"
    hidden=""
    style="left: -5.75px;"
  >
    <div
      aria-orientation="vertical"
      class="c7"
      data-orientation="vertical"
      data-testid="bezier-react-divider"
      orientation="vertical"
      role="separator"
    />
  </div>
  <div
    class="c6"
    hidden=""
    style="left: -6.5px;"
  >
    <div
      aria-orientation="vertical"
      class="c7"
      data-orientation="vertical"
      data-testid="bezier-react-divider"
      orientation="vertical"
      role="separator"
    />
  </div>
  <div
    class="c8"
    style="left: -7.25px;"
  >
    <div
      aria-orientation="vertical"
      class="c7"
      data-orientation="vertical"
      data-testid="bezier-react-divider"
      orientation="vertical"
      role="separator"
    />
  </div>
</div>
`;
