// Jest Snapshot v1, https://goo.gl/fbAQLP

exports[`Tag test > Snapshot > 1`] = `
<div
  class="BaseTagBadge size-m variant-default"
  data-testid="bezier-tag"
/>
`;
