// Jest Snapshot v1, https://goo.gl/fbAQLP

exports[`FormLabel > Snapshot > 1`] = `
.c0 {
  display: block;
  text-align: left;
  word-break: break-word;
}

<label
  class="margin Text typo-13 bold c0"
  data-testid="bezier-react-form-label"
  foundation="[object Object]"
  style="--b-text-color: var(--txt-black-darkest);"
>
  label
</label>
`;
