// Jest Snapshot v1, https://goo.gl/fbAQLP

exports[`Emoji Test > snapshot 1`] = `
<div
  aria-label="a"
  class="Emoji size-24"
  data-testid="bezier-emoji"
  role="img"
  style="--b-emoji-background-image: url(https://cf.exp.channel.io/asset/emoji/images/80/a.png);"
/>
`;
