// Jest Snapshot v1, https://goo.gl/fbAQLP

exports[`Tag test > Snapshot > 1`] = `
<div
  class="Tag TagBadge size-m"
  data-testid="bezier-react-tag"
  style="--b-tag-badge-background-color: var(--bg-black-lighter);"
/>
`;
