// Jest Snapshot v1, https://goo.gl/fbAQLP

exports[`Select Test > Default Style > Snapshot > 1`] = `
.c5 {
  -webkit-flex: 0 0 auto;
  -ms-flex: 0 0 auto;
  flex: 0 0 auto;
  margin: 0px 0px 0px 6px;
  color: #00000099;
  -webkit-transition-delay: 0ms;
  transition-delay: 0ms;
  -webkit-transition-timing-function: cubic-bezier(.3,0,0,1);
  transition-timing-function: cubic-bezier(.3,0,0,1);
  -webkit-transition-duration: 150ms;
  transition-duration: 150ms;
  -webkit-transition-property: color;
  transition-property: color;
}

.c3 {
  font-size: 1.4rem;
  line-height: 1.8rem;
  margin: 0px 0px 0px 0px;
  font-style: normal;
  font-weight: normal;
  color: #000000D9;
  -webkit-transition-delay: 0ms;
  transition-delay: 0ms;
  -webkit-transition-timing-function: cubic-bezier(.3,0,0,1);
  transition-timing-function: cubic-bezier(.3,0,0,1);
  -webkit-transition-duration: 150ms;
  transition-duration: 150ms;
  -webkit-transition-property: color;
  transition-property: color;
}

.c0 {
  position: relative;
}

.c1 {
  all: unset;
  box-sizing: border-box;
  display: -webkit-box;
  display: -webkit-flex;
  display: -ms-flexbox;
  display: flex;
  -webkit-align-items: center;
  -webkit-box-align: center;
  -ms-flex-align: center;
  align-items: center;
  -webkit-box-pack: justify;
  -webkit-justify-content: space-between;
  -ms-flex-pack: justify;
  justify-content: space-between;
  width: 100%;
  height: 36px;
  padding: 8px 12px;
  cursor: pointer;
  -webkit-user-select: none;
  -moz-user-select: none;
  -ms-user-select: none;
  user-select: none;
  background-color: #FCFCFC;
  color: #000000D9;
  box-shadow: 0 1px 2px #0000000D, inset 0 0 0 1px #00000026;
  overflow: hidden;
  border-radius: 8px;
  -webkit-transition-delay: 0ms;
  transition-delay: 0ms;
  -webkit-transition-timing-function: cubic-bezier(.3,0,0,1);
  transition-timing-function: cubic-bezier(.3,0,0,1);
  -webkit-transition-duration: 150ms;
  transition-duration: 150ms;
  -webkit-transition-property: background-color,box-shadow;
  transition-property: background-color,box-shadow;
}

.c1:disabled {
  cursor: not-allowed;
  opacity: 0.4;
}

.c1:not(:disabled):focus {
  box-shadow: 0 0 0 3px #5E56F04D, inset 0 0 0 1px #5E56F0;
  background-color: #F7F7F8;
}

.c1:not(:disabled):hover {
  background-color: #F7F7F8;
}

.c2 {
  display: -webkit-box;
  display: -webkit-flex;
  display: -ms-flexbox;
  display: flex;
  -webkit-align-items: center;
  -webkit-box-align: center;
  -ms-flex-align: center;
  align-items: center;
  overflow: hidden;
}

.c4 {
  overflow: hidden;
  text-overflow: ellipsis;
  white-space: nowrap;
}

<div
  class="c0"
  data-testid="bezier-react-select-container"
>
  <button
    class="c1"
    data-testid="bezier-react-select-trigger"
    size="36"
    type="button"
  >
    <div
      class="c2"
    >
      <span
        class="c3 c4"
        color="txt-black-darkest"
        data-testid="bezier-react-select-trigger-text"
      >
        foo
      </span>
    </div>
    <svg
      class="c5"
      color="txt-black-darker"
      data-testid="bezier-react-icon"
      fill="none"
      foundation="[object Object]"
      height="16"
      marginbottom="0"
      marginleft="6"
      marginright="0"
      margintop="0"
      viewBox="0 0 24 24"
      width="16"
      xmlns="http://www.w3.org/2000/svg"
    >
      <path
        clip-rule="evenodd"
        d="M19.707 8.793a1 1 0 0 1 0 1.414l-7 7a1 1 0 0 1-1.414 0l-7-7a1 1 0 0 1 1.414-1.414L12 15.086l6.293-6.293a1 1 0 0 1 1.414 0Z"
        fill="currentColor"
        fill-rule="evenodd"
      />
    </svg>
  </button>
</div>
`;

exports[`Select Test > rightContent > Snapshot > 1`] = `
.c5 {
  -webkit-flex: 0 0 auto;
  -ms-flex: 0 0 auto;
  flex: 0 0 auto;
  margin: 0px 0px 0px 6px;
  color: #00000099;
  -webkit-transition-delay: 0ms;
  transition-delay: 0ms;
  -webkit-transition-timing-function: cubic-bezier(.3,0,0,1);
  transition-timing-function: cubic-bezier(.3,0,0,1);
  -webkit-transition-duration: 150ms;
  transition-duration: 150ms;
  -webkit-transition-property: color;
  transition-property: color;
}

.c3 {
  font-size: 1.4rem;
  line-height: 1.8rem;
  margin: 0px 0px 0px 0px;
  font-style: normal;
  font-weight: normal;
  color: #000000D9;
  -webkit-transition-delay: 0ms;
  transition-delay: 0ms;
  -webkit-transition-timing-function: cubic-bezier(.3,0,0,1);
  transition-timing-function: cubic-bezier(.3,0,0,1);
  -webkit-transition-duration: 150ms;
  transition-duration: 150ms;
  -webkit-transition-property: color;
  transition-property: color;
}

.c0 {
  position: relative;
}

.c1 {
  all: unset;
  box-sizing: border-box;
  display: -webkit-box;
  display: -webkit-flex;
  display: -ms-flexbox;
  display: flex;
  -webkit-align-items: center;
  -webkit-box-align: center;
  -ms-flex-align: center;
  align-items: center;
  -webkit-box-pack: justify;
  -webkit-justify-content: space-between;
  -ms-flex-pack: justify;
  justify-content: space-between;
  width: 100%;
  height: 36px;
  padding: 8px 12px;
  cursor: pointer;
  -webkit-user-select: none;
  -moz-user-select: none;
  -ms-user-select: none;
  user-select: none;
  background-color: #FCFCFC;
  color: #000000D9;
  box-shadow: 0 1px 2px #0000000D, inset 0 0 0 1px #00000026;
  overflow: hidden;
  border-radius: 8px;
  -webkit-transition-delay: 0ms;
  transition-delay: 0ms;
  -webkit-transition-timing-function: cubic-bezier(.3,0,0,1);
  transition-timing-function: cubic-bezier(.3,0,0,1);
  -webkit-transition-duration: 150ms;
  transition-duration: 150ms;
  -webkit-transition-property: background-color,box-shadow;
  transition-property: background-color,box-shadow;
}

.c1:disabled {
  cursor: not-allowed;
  opacity: 0.4;
}

.c1:not(:disabled):focus {
  box-shadow: 0 0 0 3px #5E56F04D, inset 0 0 0 1px #5E56F0;
  background-color: #F7F7F8;
}

.c1:not(:disabled):hover {
  background-color: #F7F7F8;
}

.c2 {
  display: -webkit-box;
  display: -webkit-flex;
  display: -ms-flexbox;
  display: flex;
  -webkit-align-items: center;
  -webkit-box-align: center;
  -ms-flex-align: center;
  align-items: center;
  overflow: hidden;
}

.c4 {
  overflow: hidden;
  text-overflow: ellipsis;
  white-space: nowrap;
}

<div
  class="c0"
  data-testid="bezier-react-select-container"
>
  <button
    class="c1"
    data-testid="bezier-react-select-trigger"
    size="36"
    type="button"
  >
    <div
      class="c2"
    >
      <span
        class="c3 c4"
        color="txt-black-darkest"
        data-testid="bezier-react-select-trigger-text"
      >
        lorem ipsum
      </span>
      <div>
        가나다
      </div>
    </div>
    <svg
      class="c5"
      color="txt-black-darker"
      data-testid="bezier-react-icon"
      fill="none"
      foundation="[object Object]"
      height="16"
      marginbottom="0"
      marginleft="6"
      marginright="0"
      margintop="0"
      viewBox="0 0 24 24"
      width="16"
      xmlns="http://www.w3.org/2000/svg"
    >
      <path
        clip-rule="evenodd"
        d="M19.707 8.793a1 1 0 0 1 0 1.414l-7 7a1 1 0 0 1-1.414 0l-7-7a1 1 0 0 1 1.414-1.414L12 15.086l6.293-6.293a1 1 0 0 1 1.414 0Z"
        fill="currentColor"
        fill-rule="evenodd"
      />
    </svg>
  </button>
</div>
`;
