// Jest Snapshot v1, https://goo.gl/fbAQLP

exports[`FormGroup > Snapshot > 1`] = `
<div
  class="Stack display-flex direction-vertical justify-start align-stretch wrap margin layout"
  data-testid="bezier-react-form-group"
  role="group"
  style="--b-stack-spacing: 6px;"
/>
`;
