// Jest Snapshot v1, https://goo.gl/fbAQLP

exports[`Slider Snapshot should match snapshot 1`] = `
<div>
  <span
    aria-disabled="false"
    class="Slider"
    data-orientation="horizontal"
    data-testid="bezier-react-slider"
    dir="ltr"
    style="--b-slider-width: 36px; --radix-slider-thumb-transform: translateX(-50%);"
  >
    <span
      class="SliderPrimitiveTrack"
      data-orientation="horizontal"
    >
      <span
        class="SliderPrimitiveRange"
        data-orientation="horizontal"
        style="left: 0%; right: 50%;"
      />
      <div
        class="GuideContainer"
      >
        <div
          class="SliderGuide"
          style="--b-slider-guide-left: 50%;"
        />
      </div>
    </span>
    <span
      style="transform: var(--radix-slider-thumb-transform); position: absolute; left: calc(50% + 0px);"
    >
      <div
        aria-orientation="horizontal"
        aria-valuemax="10"
        aria-valuemin="0"
        aria-valuenow="5"
        class="SliderThumb"
        data-orientation="horizontal"
        data-radix-collection-item=""
        data-state="closed"
        role="slider"
        style=""
        tabindex="0"
      />
    </span>
  </span>
</div>
`;
