// Jest Snapshot v1, https://goo.gl/fbAQLP

exports[`Overlay test > Snapshot > 1`] = `
.c0 {
  position: absolute;
  z-index: 1000;
}

<div
  class="c0"
  data-testid="bezier-react-overlay"
>
  <div>
    test
  </div>
</div>
`;
