// Jest Snapshot v1, https://goo.gl/fbAQLP

exports[`Badge test > Snapshot > 1`] = `
.c0 {
  display: -webkit-box;
  display: -webkit-flex;
  display: -ms-flexbox;
  display: flex;
  -webkit-align-items: center;
  -webkit-box-align: center;
  -ms-flex-align: center;
  align-items: center;
  overflow: hidden;
  border-radius: 6px;
}

<div
  class="c0"
  color="txt-black-darkest"
  data-testid="bezier-react-badge"
  style="padding: 1px 4px; color: rgba(0, 0, 0, 0.851); background-color: rgba(0, 0, 0, 0.051);"
/>
`;
